Sebastians-MacBook-Pro:git eskr$ cd web_dev_class/
Sebastians-MacBook-Pro:web_dev_class eskr$ git init
Initialized empty Git repository in /Users/eskr/Documents/git/web_dev_class/.git/
Sebastians-MacBook-Pro:web_dev_class eskr$ touch README.md
Sebastians-MacBook-Pro:web_dev_class eskr$ git status
On branch master

No commits yet

Untracked files:
  (use "git add <file>..." to include in what will be committed)

	README.md
	feb13.html
	index.html

nothing added to commit but untracked files present (use "git add" to track)
Sebastians-MacBook-Pro:web_dev_class eskr$ git add .
Sebastians-MacBook-Pro:web_dev_class eskr$ git commit -m "Adds README and initializes repo"
[master (root-commit) 6cd830d] Adds README and initializes repo
 3 files changed, 81 insertions(+)
 create mode 100644 README.md
 create mode 100644 feb13.html
 create mode 100644 index.html
 Sebastians-MacBook-Pro:web_dev_class eskr$ git remote add origin https://github.com/eskrr/web_dev_class.git
Sebastians-MacBook-Pro:web_dev_class eskr$ git push --set-upstream origin master
Enumerating objects: 5, done.
Counting objects: 100% (5/5), done.
Delta compression using up to 8 threads
Compressing objects: 100% (5/5), done.
Writing objects: 100% (5/5), 1.05 KiB | 1.05 MiB/s, done.
Total 5 (delta 0), reused 0 (delta 0)
To github.com:eskrr/web_dev_class.git
 * [new branch]      master -> master
Branch 'master' set up to track remote branch 'master' from 'origin'.

